data/breakfast-at-the-frat/subsets/complete/1111085350-15547-complete.csv
"WEEK_END_DATE","STORE_NUM","UPC","UNITS","VISITS","HHS","SPEND","PRICE","BASE_PRICE","FEATURE","DISPLAY","TPR_ONLY","WEEK_END_DATE_2","YEAR","MONTH","DAY_OF_MONTH","ABS_DISCOUNT","REL_DISCOUNT"
"14-01-2009",15547,1111085350,56,44,44,110.88,1.98,1.98,0,0,0,2009-01-14,2009,1,14,0,0
"21-01-2009",15547,1111085350,47,35,33,94,2,2,0,0,0,2009-01-21,2009,1,21,0,0
"28-01-2009",15547,1111085350,36,30,29,72,2,2,0,0,0,2009-01-28,2009,1,28,0,0
"04-02-2009",15547,1111085350,49,37,36,96.53,1.97,1.97,0,0,0,2009-02-04,2009,2,4,0,0
"11-02-2009",15547,1111085350,40,34,34,79.2,1.98,1.98,0,0,0,2009-02-11,2009,2,11,0,0
"18-02-2009",15547,1111085350,19,18,18,45.03,2.37,2.37,0,0,0,2009-02-18,2009,2,18,0,0
"25-02-2009",15547,1111085350,26,25,24,60.32,2.32,2.32,0,0,0,2009-02-25,2009,2,25,0,0
"04-03-2009",15547,1111085350,32,31,30,74.24,2.32,2.32,0,0,0,2009-03-04,2009,3,4,0,0
"11-03-2009",15547,1111085350,39,33,33,92.43,2.37,2.37,0,0,0,2009-03-11,2009,3,11,0,0
"18-03-2009",15547,1111085350,30,25,25,70.2,2.34,2.34,0,0,0,2009-03-18,2009,3,18,0,0
"25-03-2009",15547,1111085350,24,21,21,55.92,2.33,2.33,0,0,0,2009-03-25,2009,3,25,0,0
"01-04-2009",15547,1111085350,56,40,38,111.44,1.99,2.33,0,0,1,2009-04-01,2009,4,1,-0.34,-0.145922746781116
"08-04-2009",15547,1111085350,37,29,29,72.15,1.95,2.33,0,0,1,2009-04-08,2009,4,8,-0.38,-0.163090128755365
"15-04-2009",15547,1111085350,43,30,30,85.14,1.98,2.33,0,0,1,2009-04-15,2009,4,15,-0.35,-0.150214592274678
"22-04-2009",15547,1111085350,47,35,33,93.53,1.99,2.33,0,0,1,2009-04-22,2009,4,22,-0.34,-0.145922746781116
"29-04-2009",15547,1111085350,35,26,26,70,2,2.33,0,0,1,2009-04-29,2009,4,29,-0.33,-0.141630901287554
"06-05-2009",15547,1111085350,34,25,23,67.32,1.98,2.33,1,0,0,2009-05-06,2009,5,6,-0.35,-0.150214592274678
"13-05-2009",15547,1111085350,28,18,18,56.28,2.01,2.33,0,0,1,2009-05-13,2009,5,13,-0.32,-0.137339055793992
"20-05-2009",15547,1111085350,37,33,32,85.1,2.3,2.3,0,0,0,2009-05-20,2009,5,20,0,0
"27-05-2009",15547,1111085350,34,31,30,77.52,2.28,2.28,0,0,0,2009-05-27,2009,5,27,0,0
"03-06-2009",15547,1111085350,37,31,31,88.06,2.38,2.38,0,0,0,2009-06-03,2009,6,3,0,0
"10-06-2009",15547,1111085350,48,42,39,111.84,2.33,2.33,0,0,0,2009-06-10,2009,6,10,0,0
"17-06-2009",15547,1111085350,49,43,43,115.64,2.36,2.36,0,0,0,2009-06-17,2009,6,17,0,0
"24-06-2009",15547,1111085350,59,45,43,117.41,1.99,2.36,0,0,1,2009-06-24,2009,6,24,-0.37,-0.156779661016949
"01-07-2009",15547,1111085350,62,45,45,123.38,1.99,2.36,0,0,1,2009-07-01,2009,7,1,-0.37,-0.156779661016949
"08-07-2009",15547,1111085350,47,43,43,92.12,1.96,2.36,0,0,1,2009-07-08,2009,7,8,-0.4,-0.169491525423729
"15-07-2009",15547,1111085350,60,44,44,118.2,1.97,2.36,0,0,1,2009-07-15,2009,7,15,-0.39,-0.165254237288136
"22-07-2009",15547,1111085350,36,27,27,71.28,1.98,2.36,0,0,1,2009-07-22,2009,7,22,-0.38,-0.161016949152542
"29-07-2009",15547,1111085350,51,39,38,101.49,1.99,2.36,0,0,1,2009-07-29,2009,7,29,-0.37,-0.156779661016949
"05-08-2009",15547,1111085350,25,23,23,59.5,2.38,2.38,0,0,0,2009-08-05,2009,8,5,0,0
"12-08-2009",15547,1111085350,48,44,42,112.32,2.34,2.34,0,0,0,2009-08-12,2009,8,12,0,0
"19-08-2009",15547,1111085350,47,37,37,108.57,2.31,2.31,0,0,0,2009-08-19,2009,8,19,0,0
"26-08-2009",15547,1111085350,38,34,32,88.92,2.34,2.34,0,0,0,2009-08-26,2009,8,26,0,0
"02-09-2009",15547,1111085350,37,33,32,85.84,2.32,2.32,0,0,0,2009-09-02,2009,9,2,0,0
"09-09-2009",15547,1111085350,30,27,26,68.7,2.29,2.29,0,0,0,2009-09-09,2009,9,9,0,0
"16-09-2009",15547,1111085350,36,31,30,84.24,2.34,2.34,0,0,0,2009-09-16,2009,9,16,0,0
"23-09-2009",15547,1111085350,59,48,48,115.64,1.96,2.34,0,0,1,2009-09-23,2009,9,23,-0.38,-0.162393162393162
"30-09-2009",15547,1111085350,64,47,45,125.44,1.96,2.34,0,0,1,2009-09-30,2009,9,30,-0.38,-0.162393162393162
"07-10-2009",15547,1111085350,50,37,37,98.5,1.97,2.34,0,0,1,2009-10-07,2009,10,7,-0.37,-0.158119658119658
"14-10-2009",15547,1111085350,62,51,50,122.76,1.98,2.34,0,0,1,2009-10-14,2009,10,14,-0.36,-0.153846153846154
"21-10-2009",15547,1111085350,28,26,25,66.08,2.36,2.36,0,0,0,2009-10-21,2009,10,21,0,0
"28-10-2009",15547,1111085350,28,25,25,66.08,2.36,2.36,0,0,0,2009-10-28,2009,10,28,0,0
"04-11-2009",15547,1111085350,36,32,31,85.68,2.38,2.38,0,0,0,2009-11-04,2009,11,4,0,0
"11-11-2009",15547,1111085350,41,35,33,95.53,2.33,2.33,0,0,0,2009-11-11,2009,11,11,0,0
"18-11-2009",15547,1111085350,57,49,47,133.38,2.34,2.34,0,0,0,2009-11-18,2009,11,18,0,0
"25-11-2009",15547,1111085350,32,29,29,74.24,2.32,2.32,0,0,0,2009-11-25,2009,11,25,0,0
"02-12-2009",15547,1111085350,18,13,12,42.84,2.38,2.38,0,0,0,2009-12-02,2009,12,2,0,0
"09-12-2009",15547,1111085350,59,44,44,115.64,1.96,2.38,1,0,0,2009-12-09,2009,12,9,-0.42,-0.176470588235294
"16-12-2009",15547,1111085350,49,38,37,98,2,2.38,0,0,1,2009-12-16,2009,12,16,-0.38,-0.159663865546218
"23-12-2009",15547,1111085350,51,35,35,100.47,1.97,2.38,0,0,1,2009-12-23,2009,12,23,-0.41,-0.172268907563025
"30-12-2009",15547,1111085350,9,8,8,17.46,1.94,2.38,0,0,1,2009-12-30,2009,12,30,-0.44,-0.184873949579832
"06-01-2010",15547,1111085350,48,40,39,93.6,1.95,2.38,0,0,1,2010-01-06,2010,1,6,-0.43,-0.180672268907563
"13-01-2010",15547,1111085350,46,32,31,88.32,1.92,2.38,0,0,1,2010-01-13,2010,1,13,-0.46,-0.19327731092437
"20-01-2010",15547,1111085350,13,11,11,25.48,1.96,2.38,0,0,1,2010-01-20,2010,1,20,-0.42,-0.176470588235294
"27-01-2010",15547,1111085350,56,42,42,111.44,1.99,1.99,0,0,0,2010-01-27,2010,1,27,0,0
"03-02-2010",15547,1111085350,38,40,36,90.06,2.37,2.37,0,0,0,2010-02-03,2010,2,3,0,0
"10-02-2010",15547,1111085350,42,38,36,99.54,2.37,2.37,0,0,0,2010-02-10,2010,2,10,0,0
"17-02-2010",15547,1111085350,40,37,37,91.6,2.29,2.29,0,0,0,2010-02-17,2010,2,17,0,0
"24-02-2010",15547,1111085350,31,30,30,70.68,2.28,2.28,0,0,0,2010-02-24,2010,2,24,0,0
"03-03-2010",15547,1111085350,25,24,23,59.25,2.37,2.37,0,0,0,2010-03-03,2010,3,3,0,0
"10-03-2010",15547,1111085350,32,29,29,73.92,2.31,2.31,0,0,0,2010-03-10,2010,3,10,0,0
"17-03-2010",15547,1111085350,17,12,12,33.32,1.96,2.31,0,0,1,2010-03-17,2010,3,17,-0.35,-0.151515151515152
"24-03-2010",15547,1111085350,38,35,35,74.86,1.97,2.31,0,0,1,2010-03-24,2010,3,24,-0.34,-0.147186147186147
"31-03-2010",15547,1111085350,42,33,31,83.16,1.98,2.31,0,0,1,2010-03-31,2010,3,31,-0.33,-0.142857142857143
"07-04-2010",15547,1111085350,60,44,43,117.6,1.96,2.31,0,0,1,2010-04-07,2010,4,7,-0.35,-0.151515151515152
"14-04-2010",15547,1111085350,54,44,42,105.84,1.96,2.31,0,0,1,2010-04-14,2010,4,14,-0.35,-0.151515151515152
"21-04-2010",15547,1111085350,45,38,38,88.2,1.96,2.31,0,0,1,2010-04-21,2010,4,21,-0.35,-0.151515151515152
"28-04-2010",15547,1111085350,62,49,49,122.76,1.98,1.98,0,0,0,2010-04-28,2010,4,28,0,0
"05-05-2010",15547,1111085350,48,44,44,95.52,1.99,1.99,0,0,0,2010-05-05,2010,5,5,0,0
"12-05-2010",15547,1111085350,23,20,20,44.85,1.95,1.95,0,0,0,2010-05-12,2010,5,12,0,0
"19-05-2010",15547,1111085350,61,44,42,117.73,1.93,1.93,0,0,0,2010-05-19,2010,5,19,0,0
"26-05-2010",15547,1111085350,66,54,54,130.02,1.97,1.93,1,1,0,2010-05-26,2010,5,26,0.04,0.0207253886010363
"02-06-2010",15547,1111085350,40,33,33,76.4,1.91,1.91,0,0,0,2010-06-02,2010,6,2,0,0
"09-06-2010",15547,1111085350,55,40,40,104.5,1.9,1.91,1,0,0,2010-06-09,2010,6,9,-0.01,-0.00523560209424084
"16-06-2010",15547,1111085350,27,23,23,51.84,1.92,1.92,0,0,0,2010-06-16,2010,6,16,0,0
"23-06-2010",15547,1111085350,47,39,38,93.06,1.98,1.98,0,0,0,2010-06-23,2010,6,23,0,0
"30-06-2010",15547,1111085350,29,27,27,69.31,2.39,2.39,0,0,0,2010-06-30,2010,6,30,0,0
"07-07-2010",15547,1111085350,17,17,17,38.59,2.27,2.27,0,0,0,2010-07-07,2010,7,7,0,0
"14-07-2010",15547,1111085350,28,21,21,63.84,2.28,2.28,0,0,0,2010-07-14,2010,7,14,0,0
"21-07-2010",15547,1111085350,32,28,28,75.2,2.35,2.35,0,0,0,2010-07-21,2010,7,21,0,0
"28-07-2010",15547,1111085350,33,30,30,77.88,2.36,2.36,0,0,0,2010-07-28,2010,7,28,0,0
"04-08-2010",15547,1111085350,29,24,24,67.57,2.33,2.33,0,0,0,2010-08-04,2010,8,4,0,0
"11-08-2010",15547,1111085350,49,39,39,95.55,1.95,2.33,1,0,0,2010-08-11,2010,8,11,-0.38,-0.163090128755365
"18-08-2010",15547,1111085350,30,25,25,67.2,2.24,2.24,0,0,0,2010-08-18,2010,8,18,0,0
"25-08-2010",15547,1111085350,49,39,38,114.17,2.33,2.33,0,0,0,2010-08-25,2010,8,25,0,0
"01-09-2010",15547,1111085350,45,38,38,87.75,1.95,2.33,0,0,1,2010-09-01,2010,9,1,-0.38,-0.163090128755365
"08-09-2010",15547,1111085350,54,47,47,105.84,1.96,2.33,0,0,1,2010-09-08,2010,9,8,-0.37,-0.158798283261803
"15-09-2010",15547,1111085350,36,34,33,69.48,1.93,2.33,0,0,1,2010-09-15,2010,9,15,-0.4,-0.171673819742489
"22-09-2010",15547,1111085350,51,41,39,99.96,1.96,2.33,0,0,1,2010-09-22,2010,9,22,-0.37,-0.158798283261803
"29-09-2010",15547,1111085350,36,33,32,84.96,2.36,2.36,0,0,0,2010-09-29,2010,9,29,0,0
"06-10-2010",15547,1111085350,47,32,31,90.71,1.93,2.36,0,0,1,2010-10-06,2010,10,6,-0.43,-0.182203389830508
"13-10-2010",15547,1111085350,47,38,37,92.12,1.96,2.36,0,0,1,2010-10-13,2010,10,13,-0.4,-0.169491525423729
"20-10-2010",15547,1111085350,53,39,39,104.41,1.97,2.36,0,0,1,2010-10-20,2010,10,20,-0.39,-0.165254237288136
"27-10-2010",15547,1111085350,49,40,40,97.51,1.99,2.36,1,0,0,2010-10-27,2010,10,27,-0.37,-0.156779661016949
"03-11-2010",15547,1111085350,48,40,39,94.56,1.97,2.36,0,0,1,2010-11-03,2010,11,3,-0.39,-0.165254237288136
"10-11-2010",15547,1111085350,40,31,30,80,2,2.36,0,0,1,2010-11-10,2010,11,10,-0.36,-0.152542372881356
"17-11-2010",15547,1111085350,17,14,14,33.66,1.98,2.36,0,0,1,2010-11-17,2010,11,17,-0.38,-0.161016949152542
"24-11-2010",15547,1111085350,36,33,33,69.48,1.93,1.93,0,0,0,2010-11-24,2010,11,24,0,0
"01-12-2010",15547,1111085350,43,35,35,82.56,1.92,1.92,0,0,0,2010-12-01,2010,12,1,0,0
"08-12-2010",15547,1111085350,57,46,44,114,2,2,0,0,0,2010-12-08,2010,12,8,0,0
"15-12-2010",15547,1111085350,42,40,38,81.48,1.94,1.94,0,0,0,2010-12-15,2010,12,15,0,0
"22-12-2010",15547,1111085350,54,46,45,105.3,1.95,1.95,0,0,0,2010-12-22,2010,12,22,0,0
"29-12-2010",15547,1111085350,30,25,25,58.2,1.94,1.94,0,0,0,2010-12-29,2010,12,29,0,0
"05-01-2011",15547,1111085350,63,51,51,123.48,1.96,1.96,0,0,0,2011-01-05,2011,1,5,0,0
"12-01-2011",15547,1111085350,57,52,50,111.72,1.96,1.96,0,0,0,2011-01-12,2011,1,12,0,0
"19-01-2011",15547,1111085350,38,35,35,75.62,1.99,1.99,0,0,0,2011-01-19,2011,1,19,0,0
"26-01-2011",15547,1111085350,44,37,36,85.8,1.95,1.95,0,0,0,2011-01-26,2011,1,26,0,0
"02-02-2011",15547,1111085350,38,32,32,75.24,1.98,1.98,0,0,0,2011-02-02,2011,2,2,0,0
"09-02-2011",15547,1111085350,31,26,25,74.71,2.41,2.41,0,0,0,2011-02-09,2011,2,9,0,0
"16-02-2011",15547,1111085350,20,19,19,47,2.35,2.35,0,0,0,2011-02-16,2011,2,16,0,0
"23-02-2011",15547,1111085350,25,22,21,61.75,2.47,2.47,0,0,0,2011-02-23,2011,2,23,0,0
"02-03-2011",15547,1111085350,16,12,12,38.56,2.41,2.41,0,0,0,2011-03-02,2011,3,2,0,0
"09-03-2011",15547,1111085350,52,48,47,127.92,2.46,2.46,0,0,0,2011-03-09,2011,3,9,0,0
"16-03-2011",15547,1111085350,40,38,37,98,2.45,2.45,0,0,0,2011-03-16,2011,3,16,0,0
"23-03-2011",15547,1111085350,40,35,33,96.8,2.42,2.42,0,0,0,2011-03-23,2011,3,23,0,0
"30-03-2011",15547,1111085350,32,26,26,77.44,2.42,2.42,0,0,0,2011-03-30,2011,3,30,0,0
"06-04-2011",15547,1111085350,47,37,37,92.59,1.97,2.42,0,0,1,2011-04-06,2011,4,6,-0.45,-0.18595041322314
"13-04-2011",15547,1111085350,62,41,40,122.76,1.98,2.42,0,0,1,2011-04-13,2011,4,13,-0.44,-0.181818181818182
"20-04-2011",15547,1111085350,56,48,46,109.2,1.95,2.42,0,0,1,2011-04-20,2011,4,20,-0.47,-0.194214876033058
"27-04-2011",15547,1111085350,43,36,35,86,2,2.42,0,0,1,2011-04-27,2011,4,27,-0.42,-0.173553719008264
"04-05-2011",15547,1111085350,38,35,34,94.24,2.48,2.48,0,0,0,2011-05-04,2011,5,4,0,0
"11-05-2011",15547,1111085350,49,39,37,121.52,2.48,2.48,0,0,0,2011-05-11,2011,5,11,0,0
"18-05-2011",15547,1111085350,39,35,35,92.82,2.38,2.38,0,0,0,2011-05-18,2011,5,18,0,0
"25-05-2011",15547,1111085350,75,57,56,147,1.96,2.38,1,1,0,2011-05-25,2011,5,25,-0.42,-0.176470588235294
"01-06-2011",15547,1111085350,75,54,54,147.75,1.97,2.38,1,0,0,2011-06-01,2011,6,1,-0.41,-0.172268907563025
"08-06-2011",15547,1111085350,58,49,47,114.26,1.97,2.38,1,0,0,2011-06-08,2011,6,8,-0.41,-0.172268907563025
"15-06-2011",15547,1111085350,46,39,39,90.62,1.97,2.38,0,0,1,2011-06-15,2011,6,15,-0.41,-0.172268907563025
"22-06-2011",15547,1111085350,26,24,24,60.84,2.34,2.34,0,0,0,2011-06-22,2011,6,22,0,0
"29-06-2011",15547,1111085350,26,23,23,62.92,2.42,2.42,0,0,0,2011-06-29,2011,6,29,0,0
"06-07-2011",15547,1111085350,40,36,36,99.2,2.48,2.48,0,0,0,2011-07-06,2011,7,6,0,0
"13-07-2011",15547,1111085350,45,37,37,109.35,2.43,2.43,0,0,0,2011-07-13,2011,7,13,0,0
"20-07-2011",15547,1111085350,36,30,30,87.48,2.43,2.43,0,0,0,2011-07-20,2011,7,20,0,0
"27-07-2011",15547,1111085350,31,29,28,77.19,2.49,2.49,0,0,0,2011-07-27,2011,7,27,0,0
"03-08-2011",15547,1111085350,31,28,28,75.64,2.44,2.44,0,0,0,2011-08-03,2011,8,3,0,0
"10-08-2011",15547,1111085350,20,18,18,47,2.35,2.35,0,0,0,2011-08-10,2011,8,10,0,0
"17-08-2011",15547,1111085350,40,37,36,85.6,2.14,2.14,0,0,0,2011-08-17,2011,8,17,0,0
"24-08-2011",15547,1111085350,26,24,23,60.32,2.32,2.32,0,0,0,2011-08-24,2011,8,24,0,0
"31-08-2011",15547,1111085350,32,30,30,76.16,2.38,2.38,0,0,0,2011-08-31,2011,8,31,0,0
"07-09-2011",15547,1111085350,39,33,32,96.33,2.47,2.47,0,0,0,2011-09-07,2011,9,7,0,0
"14-09-2011",15547,1111085350,35,30,29,87.15,2.49,2.49,0,0,0,2011-09-14,2011,9,14,0,0
"21-09-2011",15547,1111085350,38,33,32,94.24,2.48,2.48,0,0,0,2011-09-21,2011,9,21,0,0
"28-09-2011",15547,1111085350,36,33,33,88.56,2.46,2.46,0,0,0,2011-09-28,2011,9,28,0,0
"05-10-2011",15547,1111085350,34,30,29,84.32,2.48,2.48,0,0,0,2011-10-05,2011,10,5,0,0
"12-10-2011",15547,1111085350,44,41,39,102.08,2.32,2.32,0,0,0,2011-10-12,2011,10,12,0,0
"19-10-2011",15547,1111085350,35,32,32,85.75,2.45,2.45,0,0,0,2011-10-19,2011,10,19,0,0
"26-10-2011",15547,1111085350,29,24,24,70.76,2.44,2.44,0,0,0,2011-10-26,2011,10,26,0,0
"02-11-2011",15547,1111085350,25,25,24,62.25,2.49,2.49,0,0,0,2011-11-02,2011,11,2,0,0
"09-11-2011",15547,1111085350,27,25,25,66.69,2.47,2.47,0,0,0,2011-11-09,2011,11,9,0,0
"16-11-2011",15547,1111085350,51,43,42,96.9,1.9,2.47,0,0,1,2011-11-16,2011,11,16,-0.57,-0.230769230769231
"23-11-2011",15547,1111085350,38,33,32,75.62,1.99,2.47,0,0,1,2011-11-23,2011,11,23,-0.48,-0.194331983805668
"30-11-2011",15547,1111085350,53,41,41,104.94,1.98,2.47,0,0,1,2011-11-30,2011,11,30,-0.49,-0.19838056680162
"07-12-2011",15547,1111085350,58,49,47,113.68,1.96,2.47,0,0,1,2011-12-07,2011,12,7,-0.51,-0.206477732793522
"14-12-2011",15547,1111085350,42,36,36,102.9,2.45,2.45,0,0,0,2011-12-14,2011,12,14,0,0
"21-12-2011",15547,1111085350,40,36,36,99.2,2.48,2.48,0,0,0,2011-12-21,2011,12,21,0,0
"28-12-2011",15547,1111085350,2,2,2,4.94,2.47,2.47,0,0,0,2011-12-28,2011,12,28,0,0
"04-01-2012",15547,1111085350,7,6,6,16.24,2.32,2.32,0,0,0,2012-01-04,2012,1,4,0,0
